// Vitest Snapshot v1, https://vitest.dev/guide/snapshot.html

exports[`ProjectsCard > should match snapshot 1`] = `
<div>
  <div
    class="relative h-full rounded-xl bg-border p-px"
  >
    <div
      class="relative-mouse pointer-events-none absolute inset-0 rounded-xl transition-opacity duration-500"
      style="background: linear-gradient(to bottom right, var(--color-mirai-red), var(--color-mirai-blue), var(--color-mirai-yellow)); mask-image: radial-gradient(50% 50% at var(--mouse-x, 9999px) var(--mouse-y, 9999px), rgba(0, 0, 0, 0.5) 40%, transparent);"
    />
    <div
      class="card relative z-1 flex h-full flex-col rounded-xl bg-background-elevated p-5"
    >
      <div
        class="mb-4 flex items-start justify-between"
      >
        <h2
          class="font-semibold text-foreground-muted text-xs uppercase tracking-widest"
        >
          Recent Projects
        </h2>
        <a
          class="group/icon"
          href="/project"
          title="View all projects"
        >
          <svg
            class="size-5 text-foreground-muted group-hover/icon:text-mirai-red"
            fill="currentColor"
            height="1em"
            viewBox="0 0 256 256"
            width="1em"
            xmlns="http://www.w3.org/2000/svg"
          >
            <path
              d="M221.66,133.66l-72,72a8,8,0,0,1-11.32-11.32L196.69,136H40a8,8,0,0,1,0-16H196.69L138.34,61.66a8,8,0,0,1,11.32-11.32l72,72A8,8,0,0,1,221.66,133.66Z"
            />
          </svg>
        </a>
      </div>
      <div
        class="relative"
      >
        <a
          class="group/image relative block overflow-hidden rounded-lg"
          href="/project/project-1"
        >
          <div
            class="relative aspect-video w-full overflow-hidden rounded-lg"
          >
            <img
              alt="Test Project 1"
              class="object-cover"
              height="100"
              quality="25"
              sizes="(max-width: 768px) 100vw, (max-width: 1200px) 50vw, 33vw"
              src="/images/project1.jpg"
              width="100"
            />
          </div>
        </a>
        <button
          aria-label="Previous project"
          class="absolute top-1/2 left-2 -translate-y-1/2 bg-background/80 hover:bg-background rounded-full p-2 backdrop-blur-sm"
          type="button"
        >
          <svg
            class="size-5 text-foreground"
            fill="currentColor"
            height="1em"
            viewBox="0 0 256 256"
            width="1em"
            xmlns="http://www.w3.org/2000/svg"
          >
            <path
              d="M168.49,199.51a12,12,0,0,1-17,17l-80-80a12,12,0,0,1,0-17l80-80a12,12,0,0,1,17,17L97,128Z"
            />
          </svg>
        </button>
        <button
          aria-label="Next project"
          class="absolute top-1/2 right-2 -translate-y-1/2 bg-background/80 hover:bg-background rounded-full p-2 backdrop-blur-sm"
          type="button"
        >
          <svg
            class="size-5 text-foreground"
            fill="currentColor"
            height="1em"
            viewBox="0 0 256 256"
            width="1em"
            xmlns="http://www.w3.org/2000/svg"
          >
            <path
              d="M184.49,136.49l-80,80a12,12,0,0,1-17-17L159,128,87.51,56.49a12,12,0,1,1,17-17l80,80A12,12,0,0,1,184.49,136.49Z"
            />
          </svg>
        </button>
      </div>
      <a
        class="group mt-4"
        href="/project/project-1"
      >
        <h3
          class="block font-semibold text-foreground text-lg group-hover:text-mirai-red"
        >
          Test Project 1
        </h3>
        <p
          class="mt-2 line-clamp-2 text-foreground-muted text-sm leading-relaxed"
        >
          Description for project 1
        </p>
        <time
          class="mt-2 block text-foreground-muted text-xs"
        >
          Jan 2024
          —
          Present
          <span
            class="ml-2 inline-block rounded-full bg-mirai-red/10 px-2 py-0.5 font-medium text-[10px] text-mirai-red uppercase"
          >
            Ongoing
          </span>
        </time>
      </a>
      <div
        class="mt-auto flex items-center justify-center gap-2"
      >
        <button
          aria-label="Go to project 1"
          class="h-2 rounded-full transition-all w-6 bg-mirai-red"
          type="button"
        />
        <button
          aria-label="Go to project 2"
          class="h-2 rounded-full transition-all w-2 bg-foreground/20 hover:bg-border"
          type="button"
        />
        <button
          aria-label="Go to project 3"
          class="h-2 rounded-full transition-all w-2 bg-foreground/20 hover:bg-border"
          type="button"
        />
      </div>
    </div>
  </div>
</div>
`;
