// Vitest Snapshot v1, https://vitest.dev/guide/snapshot.html

exports[`RecipientEmailTemplate > should match snapshot 1`] = `
<div>
  <div
    data-skip-in-text="true"
    style="display: none; overflow: hidden; line-height: 1px; opacity: 0; max-height: 0; max-width: 0;"
  >
    New message from John Doe
    <div>
       ‌​‍‎‏﻿ ‌​‍‎‏﻿ ‌​‍‎‏﻿ ‌​‍‎‏﻿ ‌​‍‎‏﻿ ‌​‍‎‏﻿ ‌​‍‎‏﻿ ‌​‍‎‏﻿ ‌​‍‎‏﻿ ‌​‍‎‏﻿ ‌​‍‎‏﻿ ‌​‍‎‏﻿ ‌​‍‎‏﻿ ‌​‍‎‏﻿ ‌​‍‎‏﻿ ‌​‍‎‏﻿ ‌​‍‎‏﻿ ‌​‍‎‏﻿ ‌​‍‎‏﻿ ‌​‍‎‏﻿ ‌​‍‎‏﻿ ‌​‍‎‏﻿ ‌​‍‎‏﻿ ‌​‍‎‏﻿ ‌​‍‎‏﻿ ‌​‍‎‏﻿ ‌​‍‎‏﻿ ‌​‍‎‏﻿ ‌​‍‎‏﻿ ‌​‍‎‏﻿ ‌​‍‎‏﻿ ‌​‍‎‏﻿ ‌​‍‎‏﻿ ‌​‍‎‏﻿ ‌​‍‎‏﻿ ‌​‍‎‏﻿ ‌​‍‎‏﻿ ‌​‍‎‏﻿ ‌​‍‎‏﻿ ‌​‍‎‏﻿ ‌​‍‎‏﻿ ‌​‍‎‏﻿ ‌​‍‎‏﻿ ‌​‍‎‏﻿ ‌​‍‎‏﻿ ‌​‍‎‏﻿ ‌​‍‎‏﻿ ‌​‍‎‏﻿ ‌​‍‎‏﻿ ‌​‍‎‏﻿ ‌​‍‎‏﻿ ‌​‍‎‏﻿ ‌​‍‎‏﻿ ‌​‍‎‏﻿ ‌​‍‎‏﻿ ‌​‍‎‏﻿ ‌​‍‎‏﻿ ‌​‍‎‏﻿ ‌​‍‎‏﻿ ‌​‍‎‏﻿ ‌​‍‎‏﻿ ‌​‍‎‏﻿ ‌​‍‎‏﻿ ‌​‍‎‏﻿ ‌​‍‎‏﻿ ‌​‍‎‏﻿ ‌​‍‎‏﻿ ‌​‍‎‏﻿ ‌​‍‎‏﻿ ‌​‍‎‏﻿ ‌​‍‎‏﻿ ‌​‍‎‏﻿ ‌​‍‎‏﻿ ‌​‍‎‏﻿ ‌​‍‎‏﻿ ‌​‍‎‏﻿ ‌​‍‎‏﻿ ‌​‍‎‏﻿ ‌​‍‎‏﻿ ‌​‍‎‏﻿ ‌​‍‎‏﻿ ‌​‍‎‏﻿ ‌​‍‎‏﻿ ‌​‍‎‏﻿ ‌​‍‎‏﻿ ‌​‍‎‏﻿ ‌​‍‎‏﻿ ‌​‍‎‏﻿ ‌​‍‎‏﻿ ‌​‍‎‏﻿ ‌​‍‎‏﻿ ‌​‍‎‏﻿ ‌​‍‎‏﻿ ‌​‍‎‏﻿ ‌​‍‎‏﻿ ‌​‍‎‏﻿ ‌​‍‎‏﻿ ‌​‍‎‏﻿ ‌​‍‎‏﻿ ‌​‍‎‏﻿ ‌​‍‎‏﻿ ‌​‍‎‏﻿ ‌​‍‎‏﻿ ‌​‍‎‏﻿ ‌​‍‎‏﻿ ‌​‍‎‏﻿ ‌​‍‎‏﻿ ‌​‍‎‏﻿ ‌​‍‎‏﻿ ‌​‍‎‏﻿ ‌​‍‎‏﻿ ‌​‍‎‏﻿ ‌​‍‎‏﻿ ‌​‍‎‏﻿ ‌​‍‎‏﻿ ‌​‍‎‏﻿ ‌​‍‎‏﻿ ‌​‍‎‏﻿ ‌​‍‎‏﻿ ‌​‍‎‏﻿ ‌​‍‎‏﻿ ‌​‍‎‏﻿ ‌​‍‎‏﻿ ‌​‍‎‏﻿ ‌​‍‎‏﻿
    </div>
  </div>
  <table
    align="center"
    border="0"
    cellpadding="0"
    cellspacing="0"
    role="presentation"
    style="margin: 2.5rem auto; max-width: 36rem; border-radius: 0.25rem; border-width: 1px; border-style: solid; border-color: rgb(229, 229, 229); padding: 1.25rem;"
    width="100%"
  >
    <tbody>
      <tr
        style="width: 100%;"
      >
        <td>
          <table
            align="center"
            border="0"
            cellpadding="0"
            cellspacing="0"
            role="presentation"
            style="margin-top: 1rem;"
            width="100%"
          >
            <tbody>
              <tr>
                <td>
                  <img
                    alt="DulapahV Portfolio Logo"
                    height="48"
                    src="https://assets.dulapahv.dev/logo192.png"
                    style="display: block; outline: none; border: medium; text-decoration: none;"
                    width="48"
                  />
                  <hr
                    style="margin: 26px 0px; width: 100%; border: medium;"
                  />
                  <p
                    class="text-default-800"
                    style="text-align: left; font-size: 1rem; line-height: 1.5rem; margin-top: 16px; margin-bottom: 16px;"
                  >
                    <strong>
                      Hi DulapahV,
                    </strong>
                    <br />
                    You have a new message from the contact form on your portfolio website.
                    <br />
                    Please see the details below:
                  </p>
                  <p
                    style="font-size: 0.875rem; line-height: 1.5rem; color: rgb(0, 0, 0); margin-top: 16px; margin-bottom: 16px;"
                  >
                    <strong>
                      Full Name:
                    </strong>
                     
                    John Doe
                    <br />
                    <strong>
                      Email:
                    </strong>
                     
                    <a
                      href="mailto:john@example.com"
                      style="color: rgb(251, 86, 138); text-decoration-line: none;"
                      target="_blank"
                    >
                      john@example.com
                    </a>
                    <br />
                    <strong>
                      Message:
                    </strong>
                    <br />
                    <span>
                      This is a test message
                    </span>
                  </p>
                  <hr
                    style="margin: 26px 0px; width: 100%; border: medium;"
                  />
                  <p
                    style="font-size: 0.875rem; line-height: 1.5rem; color: rgb(0, 0, 0); margin-top: 16px; margin-bottom: 16px;"
                  >
                    <a
                      href="https://dulapahv.dev"
                      style="color: rgb(251, 86, 138); text-decoration-line: none;"
                      target="_blank"
                    >
                      DulapahV Portfolio
                    </a>
                     
                    ・
                     
                    <a
                      href="https://github.com/dulapahv"
                      style="color: rgb(251, 86, 138); text-decoration-line: none;"
                      target="_blank"
                    >
                      GitHub
                    </a>
                     
                    ・
                     
                    <a
                      href="https://www.linkedin.com/in/dulapahv"
                      style="color: rgb(251, 86, 138); text-decoration-line: none;"
                      target="_blank"
                    >
                      LinkedIn
                    </a>
                  </p>
                </td>
              </tr>
            </tbody>
          </table>
        </td>
      </tr>
    </tbody>
  </table>
</div>
`;
